// Jest Snapshot v1, https://goo.gl/fbAQLP

exports[`image #getUnsplashPhoto will fetch a random image 1`] = `
Object {
  "color": "#E9D7AA",
  "created_at": "2018-02-12T12:52:30-05:00",
  "description": "FREE YOUR MIND … READ",
  "downloads": 8563,
  "height": 2832,
  "id": "nKEARsgmrqc",
  "liked_by_user": false,
  "likes": 89,
  "links": Object {
    "download": "https://unsplash.com/photos/nKEARsgmrqc/download",
    "download_location": "https://api.unsplash.com/photos/nKEARsgmrqc/download",
    "html": "https://unsplash.com/photos/nKEARsgmrqc",
    "self": "https://api.unsplash.com/photos/nKEARsgmrqc",
  },
  "updated_at": "2019-06-07T01:05:15-04:00",
  "urls": Object {
    "custom": "https://images.unsplash.com/photo-1518457900604-5c973dffdedf?ixlib=rb-1.2.1&q=80&fm=jpg&crop=entropy&cs=tinysrgb&w=1920&h=1080&fit=crop&ixid=eyJhcHBfaWQiOjc2NjkzfQ",
    "full": "https://images.unsplash.com/photo-1518457900604-5c973dffdedf?ixlib=rb-1.2.1&q=85&fm=jpg&crop=entropy&cs=srgb&ixid=eyJhcHBfaWQiOjc2NjkzfQ",
    "raw": "https://images.unsplash.com/photo-1518457900604-5c973dffdedf?ixlib=rb-1.2.1&ixid=eyJhcHBfaWQiOjc2NjkzfQ",
    "regular": "https://images.unsplash.com/photo-1518457900604-5c973dffdedf?ixlib=rb-1.2.1&q=80&fm=jpg&crop=entropy&cs=tinysrgb&w=1080&fit=max&ixid=eyJhcHBfaWQiOjc2NjkzfQ",
    "small": "https://images.unsplash.com/photo-1518457900604-5c973dffdedf?ixlib=rb-1.2.1&q=80&fm=jpg&crop=entropy&cs=tinysrgb&w=400&fit=max&ixid=eyJhcHBfaWQiOjc2NjkzfQ",
    "thumb": "https://images.unsplash.com/photo-1518457900604-5c973dffdedf?ixlib=rb-1.2.1&q=80&fm=jpg&crop=entropy&cs=tinysrgb&w=200&fit=max&ixid=eyJhcHBfaWQiOjc2NjkzfQ",
  },
  "user": Object {
    "bio": "If you’re downloading my work make sure you like it at least lol  and it would be dope to get a link to where the pictures helped you achieve whatever you’re  doing ..   email pakercenter08@gmail.com click the link in bio  support me please share .!",
    "id": "HYML7xMkVco",
    "instagram_username": "lordmaui1.5",
    "links": Object {
      "html": "https://unsplash.com/@lordmaui",
      "likes": "https://api.unsplash.com/users/lordmaui/likes",
      "photos": "https://api.unsplash.com/users/lordmaui/photos",
      "portfolio": "https://api.unsplash.com/users/lordmaui/portfolio",
      "self": "https://api.unsplash.com/users/lordmaui",
    },
    "location": "Fort Wayne ind ",
    "name": "Chris Benson",
    "portfolio_url": "http://hyperurl.co/3VMBiscayne",
    "total_collections": 0,
    "total_likes": 412,
    "total_photos": 194,
    "twitter_username": null,
    "updated_at": "2019-06-15T21:03:27-04:00",
    "username": "lordmaui",
  },
  "width": 4240,
}
`;
